Подсказка: тигли
Ввод: тигли
Подсказка: Нет подходящих слов
Подсказка: шобла
Ввод: шобла
Подсказка: далия
Ввод: далия
Подсказка: Нет подходящих слов
Подсказка: манка
Ввод: манка
Подсказка: муфта
Ввод: муфта
Подсказка: мулла
Ввод: мулла
Подсказка: мурда
Пользователь угадал слово: мурда
Подсказка: злоба
Ввод: злоба
Подсказка: образ
Пользователь угадал слово: образ
Подсказка: гурда
Ввод: гурда
Подсказка: суржа
Ввод: суржа
Подсказка: бурат
Ввод: бурат
Подсказка: бурак
Пользователь угадал слово: бурак
Подсказка: носок
Ввод: носок
Подсказка: унион
Ввод: унион
Подсказка: бетон
Ввод: бетон
Подсказка: ворон
Ввод: ворон
Подсказка: запон
Пользователь угадал слово: запон
Подсказка: поход
Ввод: поход
Подсказка: выкос
Ввод: выкос
Подсказка: сувой
Ввод: сувой
Подсказка: створ
Ввод: створ
Подсказка: ствол
Пользователь угадал слово: ствол
Подсказка: шпуля
Ввод: шпуля
Подсказка: ходжа
Ввод: ходжа
Подсказка: вытье
Ввод: вытье
Подсказка: интим
Ввод: интим
Подсказка: ифрит
Ввод: ифрит
Подсказка: бритт
Пользователь угадал слово: бритт
Подсказка: букле
Ввод: букле
Подсказка: серые
Ввод: серые
Подсказка: днище
Ввод: днище
Подсказка: пенье
Ввод: пенье
Подсказка: южане
Пользователь угадал слово: южане
Подсказка: псише
Ввод: псише
Подсказка: бурак
Ввод: бурак
Подсказка: ягуар
Ввод: ягуар
Подсказка: ягуар
Ввод: ягуар
Подсказка: ягуар
Ввод: ягуар
Подсказка: ягуар
Ввод: ягуар
Подсказка: сазан
Ввод: сазан
Подсказка: забор
Ввод: забор
Подсказка: залец
Ввод: залец
Подсказка: затек
Ввод: затек
Подсказка: запев
Пользователь угадал слово: запев
Подсказка: рябец
Ввод: рябец
Подсказка: лайда
Ввод: лайда
Подсказка: пайол
Ввод: пайол
Подсказка: толай
Пользователь угадал слово: толай
Ввод: слово
Ввод: олень
Ввод: штора
Ввод: ворон
Подсказка: фурма
Ввод: фурма
Ввод: форма
Подсказка: цэрэу
Ввод: цэрэу
Подсказка: тырло
Ввод: тырло
Подсказка: жираф
Ввод: жираф
Подсказка: гюрза
Ввод: гюрза
Подсказка: щерба
Ввод: щерба
Подсказка: верша
Ввод: верша
Подсказка: гусар
Ввод: гусар
Подсказка: бутан
Ввод: бутан
Подсказка: купаж
Ввод: купаж
Подсказка: чувак
Ввод: чувак
Подсказка: чумак
Ввод: чумак
Подсказка: чудак
Пользователь угадал слово: чудак
Подсказка: бурре
Ввод: бурре
Подсказка: рутил
Ввод: рутил
Подсказка: русин
Ввод: русин
Подсказка: рупия
Пользователь угадал слово: рупия
Подсказка: земец
Ввод: земец
Подсказка: слайд
Ввод: слайд
Подсказка: колли
Ввод: колли
Подсказка: кулич
Ввод: кулич
Подсказка: хиляк
Ввод: хиляк
Подсказка: гиляк
Пользователь угадал слово: гиляк
Подсказка: щипцы
Ввод: щипцы
Подсказка: косые
Ввод: косые
Подсказка: дымка
Ввод: дымка
Подсказка: дырка
Пользователь угадал слово: дырка
Подсказка: щипок
Ввод: щипок
Подсказка: умные
Ввод: умные
Подсказка: завал
Ввод: завал
Подсказка: валах
Ввод: валах
Подсказка: альва
Ввод: альва
Подсказка: влага
Ввод: влага
Подсказка: мерин
Ввод: мерин
Подсказка: сосна
Ввод: сосна
Подсказка: канон
Ввод: канон
Подсказка: затон
Ввод: затон
Подсказка: нагон
Ввод: нагон
Подсказка: напой
Пользователь угадал слово: напой
Подсказка: пряха
Ввод: пряха
Подсказка: падла
Ввод: падла
Подсказка: почва
Ввод: почва
Подсказка: пижма
Ввод: пижма
Подсказка: папка
Ввод: папка
Подсказка: кепка
Ввод: кепка
Подсказка: фибра
Ввод: фибра
Подсказка: ходун
Ввод: ходун
Подсказка: ведун
Пользователь угадал слово: ведун
Подсказка: обмол
Ввод: обмол
Подсказка: кулеш
Ввод: кулеш
Подсказка: лапка
Пользователь угадал слово: лапка
Подсказка: обмен
Ввод: обмен
Подсказка: пенек
Пользователь угадал слово: пенек
Подсказка: пегас
Ввод: пегас
Подсказка: херик
Ввод: херик
Подсказка: милые
Ввод: милые
Подсказка: жилье
Пользователь угадал слово: жилье
Подсказка: замет
Ввод: замет
Подсказка: авгит
Ввод: авгит
Подсказка: борат
Ввод: борат
Подсказка: салат
Ввод: салат
Подсказка: фанат
Ввод: фанат
Подсказка: накат
Ввод: накат
Подсказка: отрыв
Ввод: отрыв
Подсказка: тамил
Ввод: тамил
Подсказка: талан
Ввод: талан
Подсказка: элеат
Ввод: элеат
Подсказка: легат
Пользователь угадал слово: легат
Подсказка: порча
Ввод: порча
Подсказка: валуй
Ввод: валуй
Подсказка: клюка
Ввод: клюка
Подсказка: фланг
Ввод: фланг
Подсказка: длань
Ввод: длань
Подсказка: слань
Пользователь угадал слово: слань
